[mdbootstrap.com/css/colors/index.html]
[backblue.gif]
[fade.gif]
[index.html]
[mdbootstrap.com/wp-content/plugins/wysija-newsletters/css/validationEngine.jquery206d.css]
[mdbootstrap.com/wp-content/themes/mdbootstrap4/css/ajax-auth-style1c9b.css]
[mdbootstrap.com/wp-content/plugins/contact-form-7/includes/css/styles8686.css]
[mdbootstrap.com/wp-content/plugins/uk-cookie-consent/assets/css/style1c9b.css]
[mdbootstrap.com/wp-content/plugins/woocommerce/assets/css/woocommerce-layout72e6.css]
[mdbootstrap.com/wp-content/plugins/woocommerce/assets/css/woocommerce-smallscreen72e6.css]
[mdbootstrap.com/wp-content/plugins/woocommerce/assets/css/woocommerce72e6.css]
[mdbootstrap.com/wp-content/plugins/wordpress-social-login/assets/css/style1c9b.css]
[mdbootstrap.com/wp-content/themes/mdbootstrap4/style1c9b.css]
[mdbootstrap.com/wp-content/themes/mdbootstrap4/css/compiled.min1c9b.css]
[mdbootstrap.com/wp-includes/js/jquery/jquery-migrate.min330a.js]
[mdbootstrap.com/wp-includes/js/jquery/jqueryb8ff.js]
[mdbootstrap.com/wp-content/themes/mdbootstrap4/js/jquery.validate1c9b.js]
[mdbootstrap.com/wp-content/themes/mdbootstrap4/js/ajax-auth-script1c9b.js]
[mdbootstrap.com/wp-content/themes/mdbootstrap4/js/mdw-search1c9b.js]
[mdbootstrap.com/wp-content/uploads/2016/11/cropped-ms-icon-310x310-32x32.png]
[mdbootstrap.com/wp-content/uploads/2016/11/cropped-ms-icon-310x310-192x192.png]
[mdbootstrap.com/wp-content/uploads/2016/11/cropped-ms-icon-310x310-180x180.png]
[mdbootstrap.com/wp-content/themes/mdbootstrap4/js/bf-cookies.min.js]
[mdbootstrap.com/images/about/mdw modal.jpg]
[mdbootstrap.com/images/about/intro.jpg]
[mdbootstrap.com/wp-content/uploads/2016/05/updatepro-min-1.jpg]
[mdbootstrap.com/images/mockups/mdbpromodaldiscount.jpg]
[mdbootstrap.com/wp-content/uploads/2016/11/mdb-transparent.png]
[mdbootstrap.com/wp-content/plugins/wordpress-social-login/assets/img/32x32/wpzoom/facebook.png]
[mdbootstrap.com/wp-content/plugins/wordpress-social-login/assets/img/32x32/wpzoom/google.png]
[mdbootstrap.com/wp-content/plugins/wordpress-social-login/assets/img/32x32/wpzoom/twitter.png]
[mdbootstrap.com/wp-content/plugins/contact-form-7/includes/js/jquery.form.mind03d.js]
[mdbootstrap.com/wp-content/plugins/contact-form-7/includes/js/scripts8686.js]
[mdbootstrap.com/wp-content/plugins/uk-cookie-consent/assets/js/uk-cookie-consent-js001e.js]
[mdbootstrap.com/wp-content/themes/mdbootstrap4/js/compiled.min324d.js]
[mdbootstrap.com/wp-content/plugins/woocommerce/assets/js/frontend/add-to-cart.min72e6.js]
[mdbootstrap.com/wp-content/plugins/woocommerce/assets/js/jquery-blockui/jquery.blockUI.min44fd.js]
[mdbootstrap.com/wp-content/plugins/woocommerce/assets/js/frontend/woocommerce.min72e6.js]
[mdbootstrap.com/wp-content/plugins/woocommerce/assets/js/jquery-cookie/jquery.cookie.min330a.js]
[mdbootstrap.com/wp-content/plugins/woocommerce/assets/js/frontend/cart-fragments.min72e6.js]
[mdbootstrap.com/wp-content/plugins/duracelltomi-google-tag-manager/js/gtm4wp-form-move-trackerad05.js]
[mdbootstrap.com/wp-content/themes/mdbootstrap4/js/theme_scripts8a54.js]
[mdbootstrap.com/wp-includes/js/wp-embed.min1c9b.js]
[www.google.com/recaptcha/apiae20.js]
[mdbootstrap.com/css/colors/index.html]
[mdbootstrap.com/wp-content/plugins/wysija-newsletters/css/validationEngine.jquery206d.css]
[mdbootstrap.com/wp-content/themes/mdbootstrap4/css/ajax-auth-style1c9b.css]
[mdbootstrap.com/wp-content/plugins/contact-form-7/includes/css/styles8686.css]
[mdbootstrap.com/wp-content/plugins/uk-cookie-consent/assets/css/style1c9b.css]
[mdbootstrap.com/wp-content/plugins/woocommerce/assets/css/woocommerce-layout72e6.css]
[mdbootstrap.com/wp-content/plugins/woocommerce/assets/css/woocommerce-smallscreen72e6.css]
[mdbootstrap.com/wp-content/plugins/woocommerce/assets/css/woocommerce72e6.css]
[mdbootstrap.com/wp-content/plugins/wordpress-social-login/assets/css/style1c9b.css]
[mdbootstrap.com/css/colors/mdbootstrap.com/material-design-for-bootstrap/index.html]
[mdbootstrap.com/css/colors/mdbootstrap.com/bootstrap-tutorial/index.html]
[mdbootstrap.com/wp-content/themes/mdbootstrap4/img/overlays/01.png]
[mdbootstrap.com/wp-content/themes/mdbootstrap4/img/overlays/02.png]
[mdbootstrap.com/wp-content/themes/mdbootstrap4/img/overlays/03.png]
[mdbootstrap.com/wp-content/themes/mdbootstrap4/img/overlays/04.png]
[mdbootstrap.com/wp-content/themes/mdbootstrap4/img/overlays/05.png]
[mdbootstrap.com/wp-content/themes/mdbootstrap4/img/overlays/06.png]
[mdbootstrap.com/wp-content/themes/mdbootstrap4/img/overlays/07.png]
[mdbootstrap.com/wp-content/themes/mdbootstrap4/img/overlays/08.png]
[mdbootstrap.com/wp-content/themes/mdbootstrap4/img/overlays/09.png]
[mdbootstrap.com/wp-content/themes/mdbootstrap4/img/lightbox/default-skin.png]
[mdbootstrap.com/wp-content/themes/mdbootstrap4/img/lightbox/preloader.gif]
[mdbootstrap.com/wp-content/themes/mdbootstrap4/css/compiled.min1c9b.css]
[mdbootstrap.com/wp-content/themes/mdbootstrap4/style1c9b.css]
[www.googletagmanager.com/gtm5445.html]
[mdbootstrap.com/css/colors/mdbootstrap.com/material-design-for-bootstrap/index.html]
[mdbootstrap.com/css/colors/mdbootstrap.com/bootstrap-tutorial/index.html]
[mdbootstrap.com/wp-content/themes/mdbootstrap4/js/ajax-newsletter-script1c9b.html]
[brandflow.pl/wp-content/uploads/2015/09/2.jpg]
